// Jest Snapshot v1, https://goo.gl/fbAQLP

exports[`LandingPage rendering should display the window size 1`] = `"<div class=\\"landing-page_container \\"><div class=\\"landing-page\\"><section class=\\"title_section\\"><div class=\\"title_container\\"><h1 class=\\"title\\">udown</h1><h3 class=\\"subtitle\\">anytime | anywhere</h3></div><div class=\\"background_container\\"><img class=\\"background\\" src=\\"tennisGuyHappy.png\\"/></div></section><section class=\\"map_section\\"><div class=\\"map_main_container\\"><div class=\\"phone_container\\"><img class=\\"map\\" src=\\"map@300x.png\\"/><img class=\\"infoDisplay\\" src=\\"infoDisplay@300x.png\\"/></div><article class=\\"textBox_container\\"><h3>udown helps you plan<br/>events, matches, and<br/>hangouts now, not later.</h3></article></div></section><section class=\\"chat_section\\"><div class=\\"chat_whitespace\\"></div><div class=\\"chat_main_container\\"><header class=\\"chat_text_container\\"><h2 class=\\"chat_text\\">Ready. Set. Go!</h2></header><div class=\\"chat_img_container\\"><img class=\\"chat_img\\" src=\\"chatToNav.png\\"/></div><article class=\\"chat_quote_container\\"><p class=\\"chat_quote\\"><em>&quot;...there really isn&#x27;t anything<br/>that brings us together in<br/>the real world... so I built it.&quot;</em></p></article></div></section><section class=\\"map_msgs_section\\"><img class=\\"status_map\\" src=\\"desktop_map-icons-01.png\\"/><img class=\\"status_msgs\\" src=\\"phone_msgs.png\\"/></section><section class=\\"status_section\\"><header class=\\"status_header_container\\"><h2 class=\\"status_project_title\\">Project udown</h2><p class=\\"status\\">| active</p></header><article class=\\"status_description_container\\"><p class=\\"description_title\\">Description</p><p class=\\"description\\">Do you like planning far out or hate other people? Then this app is likely not for you<br/><br/>For those of you who answered no to the previous question, join us on the platform built to bring soon to be &quot;besties&quot; together<br/><br/>udown is a (soon to be) cross-platform app that connects locasls who are currently, like right now, looking for others to play tennis, basketball, go to the gym, bar, or even protest their current cause with.</p></article><footer class=\\"status_icon_links\\"><a href=\\"https://github.com/Joshrlear/udown-client\\"><span class=\\"fab fa-github-square fa-2x\\"></span></a><a href=\\"https://www.facebook.com/josh.lear.7\\"><span class=\\"fab fa-facebook-square fa-2x\\"></span></a><a href=\\"https://www.youtube.com/\\"><span class=\\"fab fa-youtube-square fa-2x\\"></span></a></footer></section></div></div>"`;

exports[`LandingPage rendering should display the window size 2`] = `"<div class=\\"landing-page_container \\"><div class=\\"landing-page\\"><section class=\\"title_section\\"><div class=\\"title_container\\"><h1 class=\\"title\\">udown</h1><h3 class=\\"subtitle\\">anytime | anywhere</h3></div><div class=\\"background_container\\"><img class=\\"background\\" src=\\"tennisGuyHappy.png\\"/></div></section><section class=\\"map_section\\"><div class=\\"map_main_container\\"><div class=\\"phone_container\\"><img class=\\"map\\" src=\\"map@300x.png\\"/><img class=\\"infoDisplay\\" src=\\"infoDisplay@300x.png\\"/></div><article class=\\"textBox_container\\"><h3>udown helps you plan<br/>events, matches, and<br/>hangouts now, not later.</h3></article></div></section><section class=\\"chat_section\\"><div class=\\"chat_whitespace\\"></div><div class=\\"chat_main_container\\"><header class=\\"chat_text_container\\"><h2 class=\\"chat_text\\">Ready. Set. Go!</h2></header><div class=\\"chat_img_container\\"><img class=\\"chat_img\\" src=\\"chatToNav.png\\"/></div><article class=\\"chat_quote_container\\"><p class=\\"chat_quote\\"><em>&quot;...there really isn&#x27;t anything<br/>that brings us together in<br/>the real world... so I built it.&quot;</em></p></article></div></section><section class=\\"map_msgs_section\\"><img class=\\"status_map\\" src=\\"desktop_map-icons-01.png\\"/><img class=\\"status_msgs\\" src=\\"phone_msgs.png\\"/></section><section class=\\"status_section\\"><header class=\\"status_header_container\\"><h2 class=\\"status_project_title\\">Project udown</h2><p class=\\"status\\">| active</p></header><article class=\\"status_description_container\\"><p class=\\"description_title\\">Description</p><p class=\\"description\\">Do you like planning far out or hate other people? Then this app is likely not for you<br/><br/>For those of you who answered no to the previous question, join us on the platform built to bring soon to be &quot;besties&quot; together<br/><br/>udown is a (soon to be) cross-platform app that connects locasls who are currently, like right now, looking for others to play tennis, basketball, go to the gym, bar, or even protest their current cause with.</p></article><footer class=\\"status_icon_links\\"><a href=\\"https://github.com/Joshrlear/udown-client\\"><span class=\\"fab fa-github-square fa-2x\\"></span></a><a href=\\"https://www.facebook.com/josh.lear.7\\"><span class=\\"fab fa-facebook-square fa-2x\\"></span></a><a href=\\"https://www.youtube.com/\\"><span class=\\"fab fa-youtube-square fa-2x\\"></span></a></footer></section></div></div>"`;

exports[`LandingPage rendering should display the window size 3`] = `"<div class=\\"landing-page_container \\"><div class=\\"landing-page\\"><section class=\\"title_section\\"><div class=\\"title_container\\"><h1 class=\\"title\\">udown</h1><h3 class=\\"subtitle\\">anytime | anywhere</h3></div><div class=\\"background_container\\"><img class=\\"background\\" src=\\"tennisGuyHappy.png\\"/></div></section><section class=\\"map_section\\"><div class=\\"map_main_container\\"><div class=\\"phone_container\\"><img class=\\"map\\" src=\\"map@300x.png\\"/><img class=\\"infoDisplay\\" src=\\"infoDisplay@300x.png\\"/></div><article class=\\"textBox_container\\"><h3>udown helps you plan<br/>events, matches, and<br/>hangouts now, not later.</h3></article></div></section><section class=\\"chat_section\\"><div class=\\"chat_whitespace\\"></div><div class=\\"chat_main_container\\"><header class=\\"chat_text_container\\"><h2 class=\\"chat_text\\">Ready. Set. Go!</h2></header><div class=\\"chat_img_container\\"><img class=\\"chat_img\\" src=\\"chatToNav.png\\"/></div><article class=\\"chat_quote_container\\"><p class=\\"chat_quote\\"><em>&quot;...there really isn&#x27;t anything<br/>that brings us together in<br/>the real world... so I built it.&quot;</em></p></article></div></section><section class=\\"map_msgs_section\\"><img class=\\"status_map\\" src=\\"desktop_map-icons-01.png\\"/><img class=\\"status_msgs\\" src=\\"phone_msgs.png\\"/></section><section class=\\"status_section\\"><header class=\\"status_header_container\\"><h2 class=\\"status_project_title\\">Project udown</h2><p class=\\"status\\">| active</p></header><article class=\\"status_description_container\\"><p class=\\"description_title\\">Description</p><p class=\\"description\\">Do you like planning far out or hate other people? Then this app is likely not for you<br/><br/>For those of you who answered no to the previous question, join us on the platform built to bring soon to be &quot;besties&quot; together<br/><br/>udown is a (soon to be) cross-platform app that connects locasls who are currently, like right now, looking for others to play tennis, basketball, go to the gym, bar, or even protest their current cause with.</p></article><footer class=\\"status_icon_links\\"><a href=\\"https://github.com/Joshrlear/udown-client\\"><span class=\\"fab fa-github-square fa-2x\\"></span></a><a href=\\"https://www.facebook.com/josh.lear.7\\"><span class=\\"fab fa-facebook-square fa-2x\\"></span></a><a href=\\"https://www.youtube.com/\\"><span class=\\"fab fa-youtube-square fa-2x\\"></span></a></footer></section></div></div>"`;
